[ibnsino.getmytemplate.com/index04b9.html]
[backblue.gif]
[fade.gif]
[index.html]
[ibnsino.getmytemplate.com/images/icon.png]
[ibnsino.getmytemplate.com/css/owl.carousel.min.css]
[ibnsino.getmytemplate.com/css/owl.theme.default.min.css]
[ibnsino.getmytemplate.com/css/bootstrap.min.css]
[ibnsino.getmytemplate.com/css/main.css]
[ibnsino.getmytemplate.com/index.html]
[ibnsino.getmytemplate.com/index2.html]
[ibnsino.getmytemplate.com/index3.html]
[ibnsino.getmytemplate.com/cases-3_columns.html]
[ibnsino.getmytemplate.com/cases-3_columns-2.html]
[ibnsino.getmytemplate.com/cases-3_detail.html]
[ibnsino.getmytemplate.com/doctors-3_columns.html]
[ibnsino.getmytemplate.com/doctors-single_right.html]
[ibnsino.getmytemplate.com/doctors-single_left.html]
[ibnsino.getmytemplate.com/departments-3_column.html]
[ibnsino.getmytemplate.com/departments-3_column_icon.html]
[ibnsino.getmytemplate.com/departments-1_column.html]
[ibnsino.getmytemplate.com/departments-details_right.html]
[ibnsino.getmytemplate.com/departments-details_left.html]
[ibnsino.getmytemplate.com/departments-details.html]
[ibnsino.getmytemplate.com/shop.html]
[ibnsino.getmytemplate.com/shop-product_detail.html]
[ibnsino.getmytemplate.com/shop-cart.html]
[ibnsino.getmytemplate.com/shop-checkout.html]
[ibnsino.getmytemplate.com/about.html]
[ibnsino.getmytemplate.com/faqs.html]
[ibnsino.getmytemplate.com/blog-grid.html]
[ibnsino.getmytemplate.com/blog-grid_left.html]
[ibnsino.getmytemplate.com/blog-grid_right.html]
[ibnsino.getmytemplate.com/blog-grid_1_column_right.html]
[ibnsino.getmytemplate.com/blog-grid_1_column_left.html]
[ibnsino.getmytemplate.com/blog-details_left.html]
[ibnsino.getmytemplate.com/blog-details_right.html]
[ibnsino.getmytemplate.com/contact.html]
[ibnsino.getmytemplate.com/contact-2.html]
[ibnsino.getmytemplate.com/images/jpg/shop-arrivales3.jpg]
[ibnsino.getmytemplate.com/images/jpg/shop-arrivales4.jpg]
[ibnsino.getmytemplate.com/images/banner/banner1-1.jpg]
[ibnsino.getmytemplate.com/images/banner/banner-shape.png]
[ibnsino.getmytemplate.com/images/banner/banner1-2.jpg]
[ibnsino.getmytemplate.com/images/banner/banner1-3.jpg]
[ibnsino.getmytemplate.com/images/banner/banner1-4.jpg]
[ibnsino.getmytemplate.com/images/jpg/about-img.jpg]
[ibnsino.getmytemplate.com/images/png/signature.png]
[ibnsino.getmytemplate.com/images/png/nurse.png]
[ibnsino.getmytemplate.com/images/png-shapes/appointments-shape.png]
[ibnsino.getmytemplate.com/images/jpg/other-services.jpg]
[ibnsino.getmytemplate.com/images/png-shapes/other-services-shape.png]
[ibnsino.getmytemplate.com/images/png/doctor.png]
[ibnsino.getmytemplate.com/images/png-shapes/form-shape.png]
[ibnsino.getmytemplate.com/images/jpg/faq.jpg]
[ibnsino.getmytemplate.com/images/png/testimonials.png]
[ibnsino.getmytemplate.com/images/png-shapes/specialists__left-bottom-shape.png]
[ibnsino.getmytemplate.com/images/jpg/specialist-1.jpg]
[ibnsino.getmytemplate.com/images/jpg/specialist-2.jpg]
[ibnsino.getmytemplate.com/images/jpg/specialist-3.jpg]
[ibnsino.getmytemplate.com/images/jpg/specialist-4.jpg]
[ibnsino.getmytemplate.com/images/png-shapes/latest-news__right-bottom-shape.png]
[ibnsino.getmytemplate.com/images/jpg/latest-news1.jpg]
[ibnsino.getmytemplate.com/images/jpg/latest-news2.jpg]
[ibnsino.getmytemplate.com/images/jpg/latest-news3.jpg]
[ibnsino.getmytemplate.com/images/png-shapes/footer.png]
[ibnsino.getmytemplate.com/images/footer-logo.png]
[ibnsino.getmytemplate.com/images/jpg/popup-form.jpg]
[ibnsino.getmytemplate.com/js/my-preloader.js]
[ibnsino.getmytemplate.com/js/jQuery-3.4.1.js]
[ibnsino.getmytemplate.com/js/owl.carousel.min.js]
[ibnsino.getmytemplate.com/js/carousel.js]
[ibnsino.getmytemplate.com/js/jquery.fancybox.js]
[ibnsino.getmytemplate.com/js/jquery.waypoints.min.js]
[ibnsino.getmytemplate.com/js/jquery.countup.min.js]
[ibnsino.getmytemplate.com/js/bootstrap.min.js]
[ibnsino.getmytemplate.com/index04b9.html]
[ibnsino.getmytemplate.com/js/index.js]
[ibnsino.getmytemplate.com/css/owl.video.play.png]
[ibnsino.getmytemplate.com/css/owl.carousel.min.css]
[ibnsino.getmytemplate.com/css/owl.theme.default.min.css]
[ibnsino.getmytemplate.com/css/bootstrap.min.css]
[ibnsino.getmytemplate.com/fonts/roboto/Roboto-Regular.ttf]
[ibnsino.getmytemplate.com/fonts/roboto/Roboto-Bold.ttf]
[ibnsino.getmytemplate.com/fonts/roboto/Roboto-Black.ttf]
[ibnsino.getmytemplate.com/fonts/Bebas_Neue/BebasNeue-Regular.ttf]
[ibnsino.getmytemplate.com/fonts/Bebas_Neue/BebasNeue-Regular.otf]
[ibnsino.getmytemplate.com/fonts/Bebas_Neue/BebasNeue-Bold.ttf]
[ibnsino.getmytemplate.com/fonts/fontawesome-webfont3e6e.eot]
[ibnsino.getmytemplate.com/fonts/fontawesome-webfontd41d.eot]
[ibnsino.getmytemplate.com/fonts/fontawesome-webfont3e6e.woff2]
[ibnsino.getmytemplate.com/fonts/fontawesome-webfont3e6e.woff]
[ibnsino.getmytemplate.com/fonts/fontawesome-webfont3e6e.ttf]
[ibnsino.getmytemplate.com/fonts/fontawesome-webfont3e6e.svg]
[ibnsino.getmytemplate.com/images/jpg/about-us-bg.jpg]
[ibnsino.getmytemplate.com/images/jpg/appointments-2.jpg]
[ibnsino.getmytemplate.com/images/jpg/our-numbers-bg.jpg]
[ibnsino.getmytemplate.com/images/jpg/our-clients-bg.jpg]
[ibnsino.getmytemplate.com/images/icons/qu.png]
[ibnsino.getmytemplate.com/images/jpg/emergency.jpg]
[ibnsino.getmytemplate.com/css/main.css]
[ibnsino.getmytemplate.com/index.html]
[ibnsino.getmytemplate.com/css/jquery.fancybox.min.css]
[ibnsino.getmytemplate.com/images/banner/banner2-1.jpg]
[ibnsino.getmytemplate.com/images/png-shapes/ornament__right-top.png]
[ibnsino.getmytemplate.com/images/png-shapes/ornament__left-bottom.png]
[ibnsino.getmytemplate.com/images/icons/diagnostics.png]
[ibnsino.getmytemplate.com/images/icons/cardiology.png]
[ibnsino.getmytemplate.com/images/icons/dental.png]
[ibnsino.getmytemplate.com/images/icons/ophtalmology.png]
[ibnsino.getmytemplate.com/images/icons/pulmonary.png]
[ibnsino.getmytemplate.com/images/icons/urology.png]
[ibnsino.getmytemplate.com/images/icons/gastroenterology.png]
[ibnsino.getmytemplate.com/images/icons/laboratory.png]
[ibnsino.getmytemplate.com/images/jpg/about-us-person.jpg]
[ibnsino.getmytemplate.com/images/png-shapes/ornament__right-bottom.png]
[ibnsino.getmytemplate.com/images/jpg/other-services-2.jpg]
[ibnsino.getmytemplate.com/images/jpg/our-numbers.jpg]
[ibnsino.getmytemplate.com/images/jpg/our-specialists-women.jpg]
[ibnsino.getmytemplate.com/images/jpg/latest-news-men.jpg]
[ibnsino.getmytemplate.com/images/jpg/latest-news-women.jpg]
[ibnsino.getmytemplate.com/index2.html]
[ibnsino.getmytemplate.com/images/banner/banner3-1.jpg]
[ibnsino.getmytemplate.com/images/banner/banner3-2.jpg]
[ibnsino.getmytemplate.com/images/banner/banner3-3.jpg]
[ibnsino.getmytemplate.com/images/banner/banner3-4.jpg]
[ibnsino.getmytemplate.com/images/jpg/about-img-2.jpg]
[ibnsino.getmytemplate.com/images/icons/qu-2.png]
[ibnsino.getmytemplate.com/index3.html]
[ibnsino.getmytemplate.com/images/banner/banner7.jpg]
[ibnsino.getmytemplate.com/images/jpg/case.jpg]
[ibnsino.getmytemplate.com/images/jpg/case2.jpg]
[ibnsino.getmytemplate.com/images/jpg/case3.jpg]
[ibnsino.getmytemplate.com/images/jpg/case4.jpg]
[ibnsino.getmytemplate.com/images/jpg/case5.jpg]
[ibnsino.getmytemplate.com/images/jpg/case6.jpg]
[ibnsino.getmytemplate.com/images/jpg/case7.jpg]
[ibnsino.getmytemplate.com/images/jpg/case8.jpg]
[ibnsino.getmytemplate.com/images/jpg/case9.jpg]
[ibnsino.getmytemplate.com/cases-3_columns.html]
[ibnsino.getmytemplate.com/js/isotope.pkgd.min.js]
[ibnsino.getmytemplate.com/images/jpg/case11.jpg]
[ibnsino.getmytemplate.com/images/jpg/case10.jpg]
[ibnsino.getmytemplate.com/images/jpg/case12.jpg]
[ibnsino.getmytemplate.com/cases-3_columns-2.html]
[ibnsino.getmytemplate.com/images/jpg/teeth.jpg]
[ibnsino.getmytemplate.com/images/jpg/teeth-yellow.jpg]
[ibnsino.getmytemplate.com/images/jpg/case-doctor.jpg]
[ibnsino.getmytemplate.com/images/jpg/case13.jpg]
[ibnsino.getmytemplate.com/images/jpg/case14.jpg]
[ibnsino.getmytemplate.com/images/jpg/case15.jpg]
[ibnsino.getmytemplate.com/images/png/quot-blue.png]
[ibnsino.getmytemplate.com/images/jpg/case-video.jpg]
[ibnsino.getmytemplate.com/cases-3_detail.html]
[ibnsino.getmytemplate.com/images/banner/banner8.jpg]
[ibnsino.getmytemplate.com/images/jpg/doctors.jpg]
[ibnsino.getmytemplate.com/images/jpg/doctors2.jpg]
[ibnsino.getmytemplate.com/images/jpg/doctors3.jpg]
[ibnsino.getmytemplate.com/images/jpg/doctors4.jpg]
[ibnsino.getmytemplate.com/images/jpg/doctors5.jpg]
[ibnsino.getmytemplate.com/images/jpg/doctors6.jpg]
[ibnsino.getmytemplate.com/images/jpg/doctors7.jpg]
[ibnsino.getmytemplate.com/images/jpg/doctors8.jpg]
[ibnsino.getmytemplate.com/images/jpg/doctors9.jpg]
[ibnsino.getmytemplate.com/doctors-3_columns.html]
[ibnsino.getmytemplate.com/images/jpg/doctors-testimonials.jpg]
[ibnsino.getmytemplate.com/doctors-single_right.html]
[ibnsino.getmytemplate.com/doctors-single_left.html]
[ibnsino.getmytemplate.com/images/banner/banner5.jpg]
[ibnsino.getmytemplate.com/images/jpg/departments-3.jpg]
[ibnsino.getmytemplate.com/images/jpg/departments-3-2.jpg]
[ibnsino.getmytemplate.com/images/jpg/departments-3-3.jpg]
[ibnsino.getmytemplate.com/images/jpg/departments-3-4.jpg]
[ibnsino.getmytemplate.com/images/jpg/departments-3-5.jpg]
[ibnsino.getmytemplate.com/images/jpg/departments-3-6.jpg]
[ibnsino.getmytemplate.com/images/jpg/departments-3-7.jpg]
[ibnsino.getmytemplate.com/images/jpg/departments-3-8.jpg]
[ibnsino.getmytemplate.com/departments-3_column.html]
[ibnsino.getmytemplate.com/css/animate.css]
[ibnsino.getmytemplate.com/images/icons/diagnostics-white.png]
[ibnsino.getmytemplate.com/images/icons/cardiology-white.png]
[ibnsino.getmytemplate.com/images/icons/dental-white.png]
[ibnsino.getmytemplate.com/images/icons/ophtalmology-white.png]
[ibnsino.getmytemplate.com/images/icons/pulmonary-white.png]
[ibnsino.getmytemplate.com/images/icons/urology-white.png]
[ibnsino.getmytemplate.com/images/icons/gastroenterology-white.png]
[ibnsino.getmytemplate.com/images/icons/laboratory-white.png]
[ibnsino.getmytemplate.com/departments-3_column_icon.html]
[ibnsino.getmytemplate.com/js/wow.min.js]
[ibnsino.getmytemplate.com/images/jpg/department_1_column.jpg]
[ibnsino.getmytemplate.com/images/jpg/department_1_column2.jpg]
[ibnsino.getmytemplate.com/images/jpg/department_1_column3.jpg]
[ibnsino.getmytemplate.com/images/jpg/department_1_column4.jpg]
[ibnsino.getmytemplate.com/images/jpg/department_1_column5.jpg]
[ibnsino.getmytemplate.com/images/jpg/department_1_column6.jpg]
[ibnsino.getmytemplate.com/images/jpg/department_1_column7.jpg]
[ibnsino.getmytemplate.com/images/jpg/department_1_column8.jpg]
[ibnsino.getmytemplate.com/departments-1_column.html]
[ibnsino.getmytemplate.com/images/banner/banner6.jpg]
[ibnsino.getmytemplate.com/images/jpg/department-details.jpg]
[ibnsino.getmytemplate.com/images/jpg/department-doctor.jpg]
[ibnsino.getmytemplate.com/images/jpg/department-cases.jpg]
[ibnsino.getmytemplate.com/images/png/quot-grey.png]
[ibnsino.getmytemplate.com/images/jpg/department-cases2.jpg]
[ibnsino.getmytemplate.com/images/jpg/department-cases3.jpg]
[ibnsino.getmytemplate.com/departments-details_right.html]
[ibnsino.getmytemplate.com/departments-details_left.html]
[ibnsino.getmytemplate.com/departments-details.html]
[ibnsino.getmytemplate.com/images/banner/banner9.jpg]
[ibnsino.getmytemplate.com/images/jpg/shop.jpg]
[ibnsino.getmytemplate.com/images/jpg/shop2.jpg]
[ibnsino.getmytemplate.com/images/jpg/shop3.jpg]
[ibnsino.getmytemplate.com/images/jpg/shop4.jpg]
[ibnsino.getmytemplate.com/images/jpg/shop5.jpg]
[ibnsino.getmytemplate.com/images/jpg/shop6.jpg]
[ibnsino.getmytemplate.com/images/jpg/shop7.jpg]
[ibnsino.getmytemplate.com/images/jpg/shop8.jpg]
[ibnsino.getmytemplate.com/images/jpg/shop9.jpg]
[ibnsino.getmytemplate.com/images/jpg/shop-arrivales.jpg]
[ibnsino.getmytemplate.com/images/jpg/shop-arrivales2.jpg]
[ibnsino.getmytemplate.com/shop.html]
[ibnsino.getmytemplate.com/images/jpg/single-cart.jpg]
[ibnsino.getmytemplate.com/shop-product_detail.html]
[ibnsino.getmytemplate.com/shop-cart.html]
[ibnsino.getmytemplate.com/shop-checkout.html]
[ibnsino.getmytemplate.com/images/banner/banner4.jpg]
[ibnsino.getmytemplate.com/images/jpg/about-html.jpg]
[ibnsino.getmytemplate.com/images/jpg/medical-center-2.jpg]
[ibnsino.getmytemplate.com/about.html]
[ibnsino.getmytemplate.com/faqs.html]
[ibnsino.getmytemplate.com/images/jpg/latest-news4.jpg]
[ibnsino.getmytemplate.com/images/jpg/latest-news5.jpg]
[ibnsino.getmytemplate.com/images/jpg/latest-news6.jpg]
[ibnsino.getmytemplate.com/images/jpg/latest-news7.jpg]
[ibnsino.getmytemplate.com/images/jpg/latest-news8.jpg]
[ibnsino.getmytemplate.com/images/jpg/latest-news9.jpg]
[ibnsino.getmytemplate.com/blog-grid.html]
[ibnsino.getmytemplate.com/images/jpg/instagram1.jpg]
[ibnsino.getmytemplate.com/images/jpg/instagram2.jpg]
[ibnsino.getmytemplate.com/images/jpg/instagram3.jpg]
[ibnsino.getmytemplate.com/images/jpg/instagram4.jpg]
[ibnsino.getmytemplate.com/images/jpg/instagram5.jpg]
[ibnsino.getmytemplate.com/images/jpg/instagram6.jpg]
[ibnsino.getmytemplate.com/images/jpg/instagram7.jpg]
[ibnsino.getmytemplate.com/images/jpg/instagram8.jpg]
[ibnsino.getmytemplate.com/images/jpg/instagram9.jpg]
[ibnsino.getmytemplate.com/images/jpg/instagram10.jpg]
[ibnsino.getmytemplate.com/blog-grid_left.html]
[ibnsino.getmytemplate.com/blog-grid_right.html]
[ibnsino.getmytemplate.com/images/jpg/latest-news_1-column1.jpg]
[ibnsino.getmytemplate.com/images/jpg/latest-news_1-column2.jpg]
[ibnsino.getmytemplate.com/images/jpg/latest-news_1-column3.jpg]
[ibnsino.getmytemplate.com/blog-grid_1_column_right.html]
[ibnsino.getmytemplate.com/blog-grid_1_column_left.html]
[ibnsino.getmytemplate.com/images/png/quotation.png]
[ibnsino.getmytemplate.com/images/jpg/comment-man.jpg]
[ibnsino.getmytemplate.com/images/jpg/comment-woman.jpg]
[ibnsino.getmytemplate.com/blog-details_left.html]
[ibnsino.getmytemplate.com/blog-details_right.html]
[ibnsino.getmytemplate.com/images/jpg/contact.jpg]
[ibnsino.getmytemplate.com/contact.html]
[ibnsino.getmytemplate.com/images/jpg/contact2.jpg]
[ibnsino.getmytemplate.com/contact-2.html]
[ibnsino.getmytemplate.com/css/owl.video.play.html]
[ibnsino.getmytemplate.com/fonts/fontawesome-webfont3e6e.svg]
[ibnsino.getmytemplate.com/css/jquery.fancybox.min.css]
[ibnsino.getmytemplate.com/css/animate.css]
